     1                                  bits 32 
     2                                  
     3                                  global start
     4                                  
     5                                  extern exit
     6                                  
     7                                  import exit msvcrt.dll
     8                                   
     9                                  segment data use32 class = data
    10                                      
    11 00000000 B4                          A db 1011_0100b
    12 00000001 1586                        B dw 1000_0110_0001_0101b
    13                                      
    14                                  segment code use32 class = code
    15                                  start: 
    16                                      
    17                                      ;the bits 0-3 are the same as the bits 2-5 of A
    18 00000000 B900000000                  mov ecx, 0
    19 00000005 A0[00000000]                mov al, [A]
    20 0000000A 243C                        and al, 0011_1100b
    21 0000000C C0E802                      shr al, 2
    22 0000000F 08C1                        or cl, al
    23                                      
    24                                      ;the bits 4-7 are the same as the bits 6-9 of B.
    25 00000011 66A1[01000000]              mov ax, [B]
    26 00000017 6625C003                    and ax, 0000_0011_1100_0000b
    27 0000001B 66C1E802                    shr ax, 2
    28 0000001F 08C1                        or cl, al
    29 00000021 6A00                        push dword 0
    30 00000023 FF15[00000000]              call [exit]
