     1                                  bits 32 v
     2                                  
     3                                  global start
     4                                  
     5                                  extern exit
     6                                  
     7                                  import exit msvcrt.dll
     8                                   
     9                                  segment data use32 class = data
    10                                     
    11 00000000 3DB6                        A dw 1011_0110_0011_1101b
    12 00000002 <res 00000004>              B resd 1
    13                                      
    14                                  segment code use32 class = code
    15                                  start: 
    16                                      ;the bits 12-19 of B have the value 0
    17 00000000 BB00000000                  mov ebx, 0
    18                                      
    19                                      ;the bits 26-31 of C are the same as the bits 3-8 of A complemented
    20 00000005 66A1[00000000]              mov ax, [A]
    21 0000000B 66F7D0                      not ax
    22 0000000E 6625F801                    and ax, 0000_0001_1111_1000b
    23 00000012 6689C3                      mov bx, ax 
    24 00000015 66C1E307                    shl bx, 7; punem pe poz 15-10 bitii 3-8 din A
    25                                      
    26                                      ;the bits 20-25 of B have the value 1
    27 00000019 6681CBF003                  or bx, 0000_0011_1111_0000b ; punem cei 6 de 1
    28 0000001E C1E310                      shl ebx, 16 ;punem in high part
    29                                      
    30                                      ;the bits 0-3 of B are the same as the bits 1-4 of the result A XOR 0Ah
    31 00000021 66A1[00000000]              mov ax, [A]
    32 00000027 6683F00A                    xor ax, 0Ah
    33 0000002B 6683E01E                    and ax, 0000_0000_0001_1110b
    34 0000002F 66D1E8                      shr ax, 1
    35 00000032 6609C3                      or bx, ax
    36                                      
    37                                      ;the bits 4-11 of B are the same as the bits 7-14 of A
    38 00000035 66A1[00000000]              mov ax, [A]
    39 0000003B 6625807F                    and ax, 0111_1111_1000_0000b
    40 0000003F 66C1E803                    shr ax, 3
    41 00000043 6609C3                      or bx, ax
    42                                      
    43 00000046 6A00                        push dword 0
    44 00000048 FF15[00000000]              call [exit]
    45                                  
