     1                                  bits 32 
     2                                  
     3                                  global start
     4                                  
     5                                  extern exit
     6                                  
     7                                  import exit msvcrt.dll
     8                                   
     9                                  segment data use32 class = data
    10                                      
    11 00000000 9CAD1CAF                    R dd 1010_1111_0001_1100_1010_1101_1001_1100b
    12 00000004 9AAFF511                    T dd 0001_0001_1111_0101_1010_1111_1001_1010b
    13 00000008 <res 00000004>              Q resd 1
    14                                      
    15                                  segment code use32 class = code
    16                                  start: 
    17                                      ;the bits 25-31 of Q are the same as the bits 5-11 of R.
    18 00000000 B800000000                  mov eax, 0
    19 00000005 8B1D[00000000]              mov ebx, [R]
    20 0000000B 81E3E00F0000                and ebx,0000_0000_0000_0000_0000_1111_1110_0000b
    21 00000011 C1E314                      shl ebx,20
    22 00000014 09D8                        or eax,ebx
    23                                      ;the bits 7-24 of Q are the same as the bits 7-24 of (R XOR T).
    24 00000016 8B1D[00000000]              mov ebx,[R]
    25 0000001C 331D[04000000]              xor ebx,[T]
    26 00000022 81E380FFFF01                and ebx,0000_0001_1111_1111_1111_1111_1000_0000b
    27 00000028 09D8                        or eax,ebx
    28                                      ;the bits 0-6 of Q are the same as the bits 10-16 of T
    29 0000002A 8B1D[04000000]              mov ebx,[T]
    30 00000030 81E300FC0100                and ebx,0000_0000_0000_0001_1111_1100_0000_0000b
    31 00000036 C1EB0A                      shr ebx,10
    32 00000039 09D8                        or eax,ebx
    33 0000003B 6A00                        push dword 0
    34 0000003D FF15[00000000]              call [exit]
